   # |           FaultLine | Type | input_in2 | input_in1 |
-----------------------------------------------------------
   1 |             not2_w2 | SA-1 |         0 |         0 |
-----------------------------------------------------------
   2 |             not2_w2 | SA-0 |         X |         1 |
-----------------------------------------------------------
   3 |           not2_out2 | SA-1 |         1 |         X |
-----------------------------------------------------------
   4 |           not2_out2 | SA-0 |         0 |         0 |
-----------------------------------------------------------
   5 |             or1_in2 | SA-1 |         0 |         0 |
-----------------------------------------------------------
   6 |             or1_in2 | SA-0 |         1 |         0 |
-----------------------------------------------------------
   7 |             or1_in1 | SA-1 |         0 |         0 |
-----------------------------------------------------------
   8 |             or1_in1 | SA-0 |         0 |         1 |
-----------------------------------------------------------
   9 |              or1_w2 | SA-1 |         0 |         0 |
-----------------------------------------------------------
  10 |              or1_w2 | SA-0 |         X |         1 |
-----------------------------------------------------------
  11 |             not1_w1 | SA-1 |         0 |         X |
-----------------------------------------------------------
  12 |             not1_w1 | SA-0 |         1 |         1 |
-----------------------------------------------------------
  13 |           not1_out1 | SA-1 |         1 |         1 |
-----------------------------------------------------------
  14 |           not1_out1 | SA-0 |         X |         0 |
-----------------------------------------------------------
  15 |            and1_in2 | SA-1 |         0 |         1 |
-----------------------------------------------------------
  16 |            and1_in2 | SA-0 |         1 |         1 |
-----------------------------------------------------------
  17 |            and1_in1 | SA-1 |         1 |         0 |
-----------------------------------------------------------
  18 |            and1_in1 | SA-0 |         1 |         1 |
-----------------------------------------------------------
  19 |             and1_w1 | SA-1 |         0 |         X |
-----------------------------------------------------------
  20 |             and1_w1 | SA-0 |         1 |         1 |
