   # |           FaultLine | Type | input_in2 | input_in1 |
-----------------------------------------------------------
   1 |           nand4 _w3 | SA-1 |         1 |         0 |
-----------------------------------------------------------
   2 |           nand4 _w3 | SA-0 |         1 |         1 |
-----------------------------------------------------------
   3 |           nand4 _w2 | SA-1 |         0 |         1 |
-----------------------------------------------------------
   4 |           nand4 _w2 | SA-0 |         0 |         0 |
-----------------------------------------------------------
   5 |         nand4 _out1 | SA-1 |         0 |         0 |
-----------------------------------------------------------
   6 |         nand4 _out1 | SA-0 |         0 |         1 |
-----------------------------------------------------------
   7 |          nand3 _in2 | SA-1 |         0 |         0 |
-----------------------------------------------------------
   8 |          nand3 _in2 | SA-0 |         1 |         0 |
-----------------------------------------------------------
   9 |           nand3 _w1 | SA-1 |         1 |         1 |
-----------------------------------------------------------
  10 |           nand3 _w1 | SA-0 |         1 |         0 |
-----------------------------------------------------------
  11 |           nand3 _w3 | SA-1 |         1 |         0 |
-----------------------------------------------------------
  12 |           nand3 _w3 | SA-0 |         1 |         1 |
-----------------------------------------------------------
  13 |           nand2 _w1 | SA-1 |         1 |         1 |
-----------------------------------------------------------
  14 |           nand2 _w1 | SA-0 |         0 |         1 |
-----------------------------------------------------------
  15 |          nand2 _in1 | SA-1 |         0 |         0 |
-----------------------------------------------------------
  16 |          nand2 _in1 | SA-0 |         0 |         1 |
-----------------------------------------------------------
  17 |           nand2 _w2 | SA-1 |         0 |         1 |
-----------------------------------------------------------
  18 |           nand2 _w2 | SA-0 |         0 |         0 |
-----------------------------------------------------------
  19 |          nand1 _in2 | SA-1 |         0 |         1 |
-----------------------------------------------------------
  20 |          nand1 _in2 | SA-0 |         1 |         1 |
-----------------------------------------------------------
  21 |          nand1 _in1 | SA-1 |         1 |         0 |
-----------------------------------------------------------
  22 |          nand1 _in1 | SA-0 |         1 |         1 |
-----------------------------------------------------------
  23 |           nand1 _w1 | SA-1 |         1 |         1 |
-----------------------------------------------------------
  24 |           nand1 _w1 | SA-0 |         1 |         0 |
